Testing queries...
node : Error occurred: 
TypeError: Notification
.findAndCountAll is 
not a function
At line:1 char:1
+ node 
test-dashboard.js > 
test-output.txt 2>&1
+ ~~~~~~~~~~~~~~~~~~~~~
~~~~~~~~~~~~~~~~~~~~~~~
~
    + CategoryInfo     
         : NotSpecifi  
  ed: (Error occurre   
 d:... not a functi    
on:String) [], Rem    
oteException
    + FullyQualifiedEr 
   rorId : NativeComm  
  andError
 
    at test (C:\Users\D
ELL\Desktop\internship-
robot\backend\test-dash
board.js:19:26)
    at 
Object.<anonymous> (C:\
Users\DELL\Desktop\inte
rnship-robot\backend\te
st-dashboard.js:29:1)
    at Module._compile 
(node:internal/modules/
cjs/loader:1761:14)
    at Object..js (node
:internal/modules/cjs/l
oader:1893:10)
    at Module.load (nod
e:internal/modules/cjs/
loader:1481:32)
    at Module._load (no
de:internal/modules/cjs
/loader:1300:12)
    at TracingChannel.t
raceSync (node:diagnost
ics_channel:328:14)
    at wrapModuleLoad (
node:internal/modules/c
js/loader:245:24)
    at Module.executeUs
erEntryPoint [as 
runMain] (node:internal
/modules/run_main:154:5
)
    at node:internal/ma
in/run_main_module:33:4
7
node:internal/process/p
romises:392
      new UnhandledProm
iseRejection(reason);
      ^

UnhandledPromiseRejecti
on: This error 
originated either by 
throwing inside of an 
async function without 
a catch block, or by 
rejecting a promise 
which was not handled 
with .catch(). The 
promise rejected with 
the reason "#<Object>".
    at throwUnhandledRe
jectionsMode (node:inte
rnal/process/promises:3
92:7)
    at processPromiseRe
jections (node:internal
/process/promises:475:1
7)
    at process.processT
icksAndRejections (node
:internal/process/task_
queues:104:32) {
  code: 'ERR_UNHANDLED_
REJECTION'
}

Node.js v24.13.0
Assertion failed: 
!(handle->flags & 
UV_HANDLE_CLOSING), 
file src\win\async.c, 
line 76
